[    0.000000] Linux version 4.15.0-118-generic (buildd@lgw01-amd64-039) (gcc version 7.5.0 (Ubuntu 7.5.0-3ubuntu1~18.04)) #119-Ubuntu SMP Tue Sep 8 12:30:01 UTC 2020 (Ubuntu 4.15.0-118.119-generic 4.15.18)
[    0.000000] Command line: BOOT_IMAGE=/boot/vmlinuz-4.15.0-118-generic root=LABEL=cloudimg-rootfs ro console=tty1 console=ttyS0
[    0.000000] KERNEL supported cpus:
[    0.000000]   Intel GenuineIntel
[    0.000000]   AMD AuthenticAMD
[    0.000000]   Centaur CentaurHauls
[    0.000000] x86/fpu: Supporting XSAVE feature 0x001: 'x87 floating point registers'
[    0.000000] x86/fpu: Supporting XSAVE feature 0x002: 'SSE registers'
[    0.000000] x86/fpu: Supporting XSAVE feature 0x004: 'AVX registers'
[    0.000000] x86/fpu: xstate_offset[2]:  576, xstate_sizes[2]:  256
[    0.000000] x86/fpu: Enabled xstate features 0x7, context size is 832 bytes, using 'standard' format.
[    0.000000] e820: BIOS-provided physical RAM map:
[    0.000000] BIOS-e820: [mem 0x0000000000000000-0x000000000009fbff] usable
[    0.000000] BIOS-e820: [mem 0x000000000009fc00-0x000000000009ffff] reserved
[    0.000000] BIOS-e820: [mem 0x00000000000f0000-0x00000000000fffff] reserved
[    0.000000] BIOS-e820: [mem 0x0000000000100000-0x000000007ffeffff] usable
[    0.000000] BIOS-e820: [mem 0x000000007fff0000-0x000000007fffffff] ACPI data
[    0.000000] BIOS-e820: [mem 0x00000000fec00000-0x00000000fec00fff] reserved
[    0.000000] BIOS-e820: [mem 0x00000000fee00000-0x00000000fee00fff] reserved
[    0.000000] BIOS-e820: [mem 0x00000000fffc0000-0x00000000ffffffff] reserved
[    0.000000] NX (Execute Disable) protection: active
[    0.000000] SMBIOS 2.5 present.
[    0.000000] DMI: innotek GmbH VirtualBox/VirtualBox, BIOS VirtualBox 12/01/2006
[    0.000000] Hypervisor detected: KVM
[    0.000000] e820: last_pfn = 0x7fff0 max_arch_pfn = 0x400000000
[    0.000000] MTRR: Disabled
[    0.000000] x86/PAT: MTRRs disabled, skipping PAT initialization too.
[    0.000000] CPU MTRRs all blank - virtualized system.
[    0.000000] x86/PAT: Configuration [0-7]: WB  WT  UC- UC  WB  WT  UC- UC  
[    0.000000] found SMP MP-table at [mem 0x0009fff0-0x0009ffff]
[    0.000000] Scanning 1 areas for low memory corruption
[    0.000000] RAMDISK: [mem 0x35a65000-0x36d29fff]
[    0.000000] ACPI: Early table checksum verification disabled
[    0.000000] ACPI: RSDP 0x00000000000E0000 000024 (v02 VBOX  )
[    0.000000] ACPI: XSDT 0x000000007FFF0030 00003C (v01 VBOX   VBOXXSDT 00000001 ASL  00000061)
[    0.000000] ACPI: FACP 0x000000007FFF00F0 0000F4 (v04 VBOX   VBOXFACP 00000001 ASL  00000061)
[    0.000000] ACPI: DSDT 0x000000007FFF0470 002325 (v02 VBOX   VBOXBIOS 00000002 INTL 20100528)
[    0.000000] ACPI: FACS 0x000000007FFF0200 000040
[    0.000000] ACPI: FACS 0x000000007FFF0200 000040
[    0.000000] ACPI: APIC 0x000000007FFF0240 00005C (v02 VBOX   VBOXAPIC 00000001 ASL  00000061)
[    0.000000] ACPI: SSDT 0x000000007FFF02A0 0001CC (v01 VBOX   VBOXCPUT 00000002 INTL 20100528)
[    0.000000] No NUMA configuration found
[    0.000000] Faking a node at [mem 0x0000000000000000-0x000000007ffeffff]
[    0.000000] NODE_DATA(0) allocated [mem 0x7ffc5000-0x7ffeffff]
[    0.000000] kvm-clock: cpu 0, msr 0:7ff44001, primary cpu clock
[    0.000000] kvm-clock: Using msrs 4b564d01 and 4b564d00
[    0.000000] kvm-clock: using sched offset of 4054455349 cycles
[    0.000000] clocksource: kvm-clock: mask: 0xffffffffffffffff max_cycles: 0x1cd42e4dffb, max_idle_ns: 881590591483 ns
[    0.000000] Zone ranges:
[    0.000000]   DMA      [mem 0x0000000000001000-0x0000000000ffffff]
[    0.000000]   DMA32    [mem 0x0000000001000000-0x000000007ffeffff]
[    0.000000]   Normal   empty
[    0.000000]   Device   empty
[    0.000000] Movable zone start for each node
[    0.000000] Early memory node ranges
[    0.000000]   node   0: [mem 0x0000000000001000-0x000000000009efff]
[    0.000000]   node   0: [mem 0x0000000000100000-0x000000007ffeffff]
[    0.000000] Reserved but unavailable: 98 pages
[    0.000000] Initmem setup node 0 [mem 0x0000000000001000-0x000000007ffeffff]
[    0.000000] ACPI: PM-Timer IO Port: 0x4008
[    0.000000] IOAPIC[0]: apic_id 2, version 32, address 0xfec00000, GSI 0-23
[    0.000000] ACPI: INT_SRC_OVR (bus 0 bus_irq 0 global_irq 2 dfl dfl)
[    0.000000] ACPI: INT_SRC_OVR (bus 0 bus_irq 9 global_irq 9 low level)
[    0.000000] Using ACPI (MADT) for SMP configuration information
[    0.000000] smpboot: Allowing 2 CPUs, 0 hotplug CPUs
[    0.000000] PM: Registered nosave memory: [mem 0x00000000-0x00000fff]
[    0.000000] PM: Registered nosave memory: [mem 0x0009f000-0x0009ffff]
[    0.000000] PM: Registered nosave memory: [mem 0x000a0000-0x000effff]
[    0.000000] PM: Registered nosave memory: [mem 0x000f0000-0x000fffff]
[    0.000000] e820: [mem 0x80000000-0xfebfffff] available for PCI devices
[    0.000000] Booting paravirtualized kernel on KVM
[    0.000000] clocksource: refined-jiffies: mask: 0xffffffff max_cycles: 0xffffffff, max_idle_ns: 7645519600211568 ns
[    0.000000] random: get_random_bytes called from start_kernel+0x99/0x500 with crng_init=0
[    0.000000] setup_percpu: NR_CPUS:8192 nr_cpumask_bits:2 nr_cpu_ids:2 nr_node_ids:1
[    0.000000] percpu: Embedded 45 pages/cpu s147456 r8192 d28672 u1048576
[    0.000000] PV qspinlock hash table entries: 256 (order: 0, 4096 bytes)
[    0.000000] Built 1 zonelists, mobility grouping on.  Total pages: 515961
[    0.000000] Policy zone: DMA32
[    0.000000] Kernel command line: BOOT_IMAGE=/boot/vmlinuz-4.15.0-118-generic root=LABEL=cloudimg-rootfs ro console=tty1 console=ttyS0
[    0.000000] Memory: 2015220K/2096696K available (12300K kernel code, 2482K rwdata, 4272K rodata, 2436K init, 2724K bss, 81476K reserved, 0K cma-reserved)
[    0.000000] SLUB: HWalign=64, Order=0-3, MinObjects=0, CPUs=2, Nodes=1
[    0.000000] Kernel/User page tables isolation: enabled
[    0.000000] ftrace: allocating 39396 entries in 154 pages
[    0.004000] Hierarchical RCU implementation.
[    0.004000] 	RCU restricting CPUs from NR_CPUS=8192 to nr_cpu_ids=2.
[    0.004000] 	Tasks RCU enabled.
[    0.004000] RCU: Adjusting geometry for rcu_fanout_leaf=16, nr_cpu_ids=2
[    0.004000] NR_IRQS: 524544, nr_irqs: 440, preallocated irqs: 16
[    0.004000] Console: colour VGA+ 80x25
[    0.004000] console [tty1] enabled
[    0.004000] console [ttyS0] enabled
[    0.004000] ACPI: Core revision 20170831
[    0.004000] ACPI: 2 ACPI AML tables successfully acquired and loaded
[    0.004000] APIC: Switch to symmetric I/O mode setup
[    0.004000] x2apic enabled
[    0.004000] Switched APIC routing to physical x2apic.
[    0.004000] ..TIMER: vector=0x30 apic1=0 pin1=2 apic2=-1 pin2=-1
[    0.004004] tsc: Detected 3095.998 MHz processor
[    0.004851] Calibrating delay loop (skipped) preset value.. 6191.99 BogoMIPS (lpj=12383992)
[    0.005511] pid_max: default: 32768 minimum: 301
[    0.008030] Security Framework initialized
[    0.008790] Yama: becoming mindful.
[    0.009464] AppArmor: AppArmor initialized
[    0.011843] Dentry cache hash table entries: 262144 (order: 9, 2097152 bytes)
[    0.013420] Inode-cache hash table entries: 131072 (order: 8, 1048576 bytes)
[    0.016018] Mount-cache hash table entries: 4096 (order: 3, 32768 bytes)
[    0.017220] Mountpoint-cache hash table entries: 4096 (order: 3, 32768 bytes)
[    0.018722] Last level iTLB entries: 4KB 64, 2MB 8, 4MB 8
[    0.020003] Last level dTLB entries: 4KB 64, 2MB 0, 4MB 0, 1GB 4
[    0.021592] Spectre V1 : Mitigation: usercopy/swapgs barriers and __user pointer sanitization
[    0.023116] Spectre V2 : Mitigation: Full generic retpoline
[    0.024002] Spectre V2 : Spectre v2 / SpectreRSB mitigation: Filling RSB on context switch
[    0.025493] Speculative Store Bypass: Vulnerable
[    0.026374] SRBDS: Unknown: Dependent on hypervisor status
[    0.027362] MDS: Mitigation: Clear CPU buffers
[    0.028175] Freeing SMP alternatives memory: 36K
[    0.140000] smpboot: CPU0: Intel(R) Core(TM) i5-7267U CPU @ 3.10GHz (family: 0x6, model: 0x8e, stepping: 0x9)
[    0.140000] Performance Events: unsupported p6 CPU model 142 no PMU driver, software events only.
[    0.140037] Hierarchical SRCU implementation.
[    0.141515] NMI watchdog: Perf event create on CPU 0 failed with -2
[    0.142659] NMI watchdog: Perf NMI watchdog permanently disabled
[    0.144041] smp: Bringing up secondary CPUs ...
[    0.144959] x86: Booting SMP configuration:
[    0.146637] .... node  #0, CPUs:      #1
[    0.004000] kvm-clock: cpu 1, msr 0:7ff44041, secondary cpu clock
[    0.152019] smp: Brought up 1 node, 2 CPUs
[    0.153141] smpboot: Max logical packages: 1
[    0.154112] smpboot: Total of 2 processors activated (12383.99 BogoMIPS)
[    0.155466] devtmpfs: initialized
[    0.156056] x86/mm: Memory block size: 128MB
[    0.157393] evm: security.selinux
[    0.158264] evm: security.SMACK64
[    0.160005] evm: security.SMACK64EXEC
[    0.161007] evm: security.SMACK64TRANSMUTE
[    0.162742] evm: security.SMACK64MMAP
[    0.164029] evm: security.apparmor
[    0.165045] evm: security.ima
[    0.165852] evm: security.capability
[    0.166822] clocksource: jiffies: mask: 0xffffffff max_cycles: 0xffffffff, max_idle_ns: 7645041785100000 ns
[    0.168018] futex hash table entries: 512 (order: 3, 32768 bytes)
[    0.172030] pinctrl core: initialized pinctrl subsystem
[    0.173842] RTC time: 10:08:15, date: 10/20/20
[    0.175123] NET: Registered protocol family 16
[    0.176075] audit: initializing netlink subsys (disabled)
[    0.177537] audit: type=2000 audit(1603188500.931:1): state=initialized audit_enabled=0 res=1
[    0.180019] cpuidle: using governor ladder
[    0.181237] cpuidle: using governor menu
[    0.182358] ACPI: bus type PCI registered
[    0.184006] acpiphp: ACPI Hot Plug PCI Controller Driver version: 0.5
[    0.185698] PCI: Using configuration type 1 for base access
[    0.192040] HugeTLB registered 2.00 MiB page size, pre-allocated 0 pages
[    0.192084] ACPI: Added _OSI(Module Device)
[    0.193176] ACPI: Added _OSI(Processor Device)
[    0.196015] ACPI: Added _OSI(3.0 _SCP Extensions)
[    0.197861] ACPI: Added _OSI(Processor Aggregator Device)
[    0.199250] ACPI: Added _OSI(Linux-Dell-Video)
[    0.200011] ACPI: Added _OSI(Linux-Lenovo-NV-HDMI-Audio)
[    0.201367] ACPI: Added _OSI(Linux-HPI-Hybrid-Graphics)
[    0.204499] ACPI: Executed 1 blocks of module-level executable AML code
[    0.209503] ACPI: Interpreter enabled
[    0.210472] ACPI: (supports S0 S5)
[    0.211350] ACPI: Using IOAPIC for interrupt routing
[    0.212215] PCI: Using host bridge windows from ACPI; if necessary, use "pci=nocrs" and report a bug
[    0.214080] ACPI: Enabled 2 GPEs in block 00 to 07
[    0.228342] ACPI: PCI Root Bridge [PCI0] (domain 0000 [bus 00-ff])
[    0.232016] acpi PNP0A03:00: _OSC: OS supports [ASPM ClockPM Segments MSI]
[    0.236996] acpi PNP0A03:00: _OSC: not requesting OS control; OS requires [ExtendedConfig ASPM ClockPM MSI]
[    0.240027] acpi PNP0A03:00: fail to add MMCONFIG information, can't access extended PCI configuration space under this bridge.
[    0.248857] PCI host bridge to bus 0000:00
[    0.250001] pci_bus 0000:00: root bus resource [io  0x0000-0x0cf7 window]
[    0.256011] pci_bus 0000:00: root bus resource [io  0x0d00-0xffff window]
[    0.260010] pci_bus 0000:00: root bus resource [mem 0x000a0000-0x000bffff window]
[    0.264010] pci_bus 0000:00: root bus resource [mem 0x80000000-0xfdffffff window]
[    0.266116] pci_bus 0000:00: root bus resource [bus 00-ff]
[    0.274514] pci 0000:00:01.1: legacy IDE quirk: reg 0x10: [io  0x01f0-0x01f7]
[    0.276009] pci 0000:00:01.1: legacy IDE quirk: reg 0x14: [io  0x03f6]
[    0.278148] pci 0000:00:01.1: legacy IDE quirk: reg 0x18: [io  0x0170-0x0177]
[    0.284009] pci 0000:00:01.1: legacy IDE quirk: reg 0x1c: [io  0x0376]
[    0.323017] pci 0000:00:07.0: quirk: [io  0x4000-0x403f] claimed by PIIX4 ACPI
[    0.324035] pci 0000:00:07.0: quirk: [io  0x4100-0x410f] claimed by PIIX4 SMB
[    0.344448] ACPI: PCI Interrupt Link [LNKA] (IRQs 5 9 10 *11)
[    0.348504] ACPI: PCI Interrupt Link [LNKB] (IRQs 5 9 *10 11)
[    0.350838] ACPI: PCI Interrupt Link [LNKC] (IRQs 5 *9 10 11)
[    0.352259] ACPI: PCI Interrupt Link [LNKD] (IRQs 5 9 10 *11)
[    0.356761] SCSI subsystem initialized
[    0.358050] pci 0000:00:02.0: vgaarb: setting as boot VGA device
[    0.358123] pci 0000:00:02.0: vgaarb: VGA device added: decodes=io+mem,owns=io+mem,locks=none
[    0.364008] pci 0000:00:02.0: vgaarb: bridge control possible
[    0.365284] vgaarb: loaded
[    0.366048] ACPI: bus type USB registered
[    0.367457] usbcore: registered new interface driver usbfs
[    0.368016] usbcore: registered new interface driver hub
[    0.369117] usbcore: registered new device driver usb
[    0.370571] EDAC MC: Ver: 3.0.0
[    0.372269] PCI: Using ACPI for IRQ routing
[    0.373554] NetLabel: Initializing
[    0.376008] NetLabel:  domain hash size = 128
[    0.377344] NetLabel:  protocols = UNLABELED CIPSOv4 CALIPSO
[    0.380035] NetLabel:  unlabeled traffic allowed by default
[    0.384099] clocksource: Switched to clocksource kvm-clock
[    0.403082] VFS: Disk quotas dquot_6.6.0
[    0.404415] VFS: Dquot-cache hash table entries: 512 (order 0, 4096 bytes)
[    0.406665] AppArmor: AppArmor Filesystem Enabled
[    0.407730] pnp: PnP ACPI init
[    0.410082] pnp: PnP ACPI: found 3 devices
[    0.416827] clocksource: acpi_pm: mask: 0xffffff max_cycles: 0xffffff, max_idle_ns: 2085701024 ns
[    0.422822] NET: Registered protocol family 2
[    0.424899] TCP established hash table entries: 16384 (order: 5, 131072 bytes)
[    0.430900] TCP bind hash table entries: 16384 (order: 6, 262144 bytes)
[    0.432537] TCP: Hash tables configured (established 16384 bind 16384)
[    0.437060] UDP hash table entries: 1024 (order: 3, 32768 bytes)
[    0.439076] UDP-Lite hash table entries: 1024 (order: 3, 32768 bytes)
[    0.442540] NET: Registered protocol family 1
[    0.443901] pci 0000:00:00.0: Limiting direct PCI/PCI transfers
[    0.448022] pci 0000:00:01.0: Activating ISA DMA hang workarounds
[    0.450228] pci 0000:00:02.0: Video device with shadowed ROM at [mem 0x000c0000-0x000dffff]
[    0.453223] Unpacking initramfs...
[    0.759921] Freeing initrd memory: 19220K
[    0.761284] clocksource: tsc: mask: 0xffffffffffffffff max_cycles: 0x2ca082f6619, max_idle_ns: 440795220240 ns
[    0.763905] platform rtc_cmos: registered platform RTC device (no PNP device found)
[    0.765663] Scanning for low memory corruption every 60 seconds
[    0.767331] Initialise system trusted keyrings
[    0.768258] Key type blacklist registered
[    0.769140] workingset: timestamp_bits=36 max_order=19 bucket_order=0
[    0.771038] zbud: loaded
[    0.772011] squashfs: version 4.0 (2009/01/31) Phillip Lougher
[    0.773429] fuse init (API version 7.26)
[    0.778992] Key type asymmetric registered
[    0.780943] Asymmetric key parser 'x509' registered
[    0.782220] Block layer SCSI generic (bsg) driver version 0.4 loaded (major 246)
[    0.784165] io scheduler noop registered
[    0.785244] io scheduler deadline registered
[    0.786662] io scheduler cfq registered (default)
[    0.788894] ACPI: AC Adapter [AC] (on-line)
[    0.790063] input: Power Button as /devices/LNXSYSTM:00/LNXPWRBN:00/input/input0
[    0.791531] ACPI: Power Button [PWRF]
[    0.792652] input: Sleep Button as /devices/LNXSYSTM:00/LNXSLPBN:00/input/input1
[    0.794537] ACPI: Sleep Button [SLPF]
[    0.796284] Serial: 8250/16550 driver, 32 ports, IRQ sharing enabled
[    0.797827] ACPI: Battery Slot [BAT0] (battery present)
[    0.828127] 00:02: ttyS0 at I/O 0x3f8 (irq = 4, base_baud = 115200) is a 16550A
[    0.833267] Linux agpgart interface v0.103
[    0.841915] loop: module loaded
[    0.843613] scsi host0: ata_piix
[    0.844897] scsi host1: ata_piix
[    0.846547] ata1: PATA max UDMA/33 cmd 0x1f0 ctl 0x3f6 bmdma 0xd000 irq 14
[    0.848748] ata2: PATA max UDMA/33 cmd 0x170 ctl 0x376 bmdma 0xd008 irq 15
[    0.851394] libphy: Fixed MDIO Bus: probed
[    0.852789] tun: Universal TUN/TAP device driver, 1.6
[    0.855287] PPP generic driver version 2.4.2
[    0.859318] ehci_hcd: USB 2.0 'Enhanced' Host Controller (EHCI) Driver
[    0.861349] ehci-pci: EHCI PCI platform driver
[    0.865050] ehci-platform: EHCI generic platform driver
[    0.866398] ohci_hcd: USB 1.1 'Open' Host Controller (OHCI) Driver
[    0.868020] ohci-pci: OHCI PCI platform driver
[    0.869297] ohci-platform: OHCI generic platform driver
[    0.870682] uhci_hcd: USB Universal Host Controller Interface driver
[    0.872893] i8042: PNP: PS/2 Controller [PNP0303:PS2K,PNP0f03:PS2M] at 0x60,0x64 irq 1,12
[    0.875594] serio: i8042 KBD port at 0x60,0x64 irq 1
[    0.876956] serio: i8042 AUX port at 0x60,0x64 irq 12
[    0.878568] mousedev: PS/2 mouse device common for all mice
[    0.883282] input: AT Translated Set 2 keyboard as /devices/platform/i8042/serio0/input/input2
[    0.886329] rtc_cmos rtc_cmos: rtc core: registered rtc_cmos as rtc0
[    0.888016] rtc_cmos rtc_cmos: alarms up to one day, 114 bytes nvram
[    0.891467] i2c /dev entries driver
[    0.892517] device-mapper: uevent: version 1.0.3
[    0.893912] device-mapper: ioctl: 4.37.0-ioctl (2017-09-20) initialised: dm-devel@redhat.com
[    0.896486] ledtrig-cpu: registered to indicate activity on CPUs
[    0.898488] NET: Registered protocol family 10
[    0.903686] Segment Routing with IPv6
[    0.905277] NET: Registered protocol family 17
[    0.906972] Key type dns_resolver registered
[    0.908320] mce: Using 0 MCE banks
[    0.909213] RAS: Correctable Errors collector initialized.
[    0.910594] sched_clock: Marking stable (908296400, 0)->(1151417422, -243121022)
[    0.914496] registered taskstats version 1
[    0.915596] Loading compiled-in X.509 certificates
[    0.918873] Loaded X.509 cert 'Build time autogenerated kernel key: 12f2d460e247d21dc5d156478bb7d4abc0f5a070'
[    0.921516] zswap: loaded using pool lzo/zbud
[    0.926928] Key type big_key registered
[    0.927918] Key type trusted registered
[    0.930859] Key type encrypted registered
[    0.931933] AppArmor: AppArmor sha1 policy hashing enabled
[    0.933369] ima: No TPM chip found, activating TPM-bypass! (rc=-19)
[    0.934919] ima: Allocated hash algorithm: sha1
[    0.936196] evm: HMAC attrs: 0x1
[    0.937686]   Magic number: 8:651:123
[    0.938583] acpi LNXSYBUS:01: hash matches
[    0.939565] rtc_cmos rtc_cmos: setting system clock to 2020-10-20 10:08:16 UTC (1603188496)
[    0.942084] BIOS EDD facility v0.16 2004-Jun-25, 0 devices found
[    0.944206] EDD information not available.
[    1.033878] Freeing unused kernel image memory: 2436K
[    1.384358] Write protecting the kernel read-only data: 20480k
[    1.388881] Freeing unused kernel image memory: 2008K
[    1.391794] Freeing unused kernel image memory: 1872K
[    1.400470] x86/mm: Checked W+X mappings: passed, no W+X pages found.
[    1.402214] x86/mm: Checking user space page tables
[    1.410621] x86/mm: Checked W+X mappings: passed, no W+X pages found.
Loading, please wait...
starting version 237
[    1.522749] e1000: Intel(R) PRO/1000 Network Driver - version 7.3.21-k8-NAPI
[    1.525487] e1000: Copyright (c) 1999-2006 Intel Corporation.
[    1.532320] Fusion MPT base driver 3.04.20
[    1.534217] Copyright (c) 1999-2008 LSI Corporation
[    1.541538] Fusion MPT SPI Host driver 3.04.20
[    1.559418] AVX2 version of gcm_enc/dec engaged.
[    1.560773] AES CTR mode by8 optimization enabled
[    1.764001] input: ImExPS/2 Generic Explorer Mouse as /devices/platform/i8042/serio1/input/input4
[    1.959791] e1000 0000:00:03.0 eth0: (PCI:33MHz:32-bit) 02:7d:29:b6:4b:3c
[    1.961622] e1000 0000:00:03.0 eth0: Intel(R) PRO/1000 Network Connection
[    1.965099] mptbase: ioc0: Initiating bringup
[    1.967426] e1000 0000:00:03.0 enp0s3: renamed from eth0
[    2.701520] ioc0: LSI53C1030 A0: Capabilities={Initiator}
[    4.815267] scsi host2: ioc0: LSI53C1030 A0, FwRev=00000000h, Ports=1, MaxQ=256, IRQ=20
[    8.029224] scsi 2:0:0:0: Direct-Access     VBOX     HARDDISK         1.0  PQ: 0 ANSI: 5
[    8.731733] scsi target2:0:0: Beginning Domain Validation
[    8.735538] scsi target2:0:0: Domain Validation skipping write tests
[    8.739703] scsi target2:0:0: Ending Domain Validation
[    8.741702] scsi target2:0:0: asynchronous
[    8.743348] scsi 2:0:1:0: Direct-Access     VBOX     HARDDISK         1.0  PQ: 0 ANSI: 5
[    9.748216] scsi target2:0:1: Beginning Domain Validation
[    9.753035] random: fast init done
[    9.754246] scsi target2:0:1: Domain Validation skipping write tests
[    9.755940] scsi target2:0:1: Ending Domain Validation
[    9.757567] scsi target2:0:1: asynchronous
[    9.763196] random: systemd-udevd: uninitialized urandom read (16 bytes read)
[    9.764765] random: systemd-udevd: uninitialized urandom read (16 bytes read)
[    9.766661] random: systemd-udevd: uninitialized urandom read (16 bytes read)
[    9.769199] sd 2:0:0:0: [sda] 20971520 512-byte logical blocks: (10.7 GB/10.0 GiB)
[    9.771346] sd 2:0:0:0: [sda] Write Protect is off
[    9.773192] sd 2:0:0:0: [sda] Incomplete mode parameter data
[    9.774807] sd 2:0:0:0: [sda] Assuming drive cache: write through
[    9.778821] sd 2:0:0:0: Attached scsi generic sg0 type 0
[    9.781281] sd 2:0:1:0: [sdb] 20480 512-byte logical blocks: (10.5 MB/10.0 MiB)
[    9.783395] sd 2:0:1:0: Attached scsi generic sg1 type 0
[    9.783436] sd 2:0:1:0: [sdb] Write Protect is off
[    9.790402] sd 2:0:1:0: [sdb] Incomplete mode parameter data
[    9.791970] sd 2:0:1:0: [sdb] Assuming drive cache: write through
[    9.792615]  sda: sda1
[    9.795780] sd 2:0:0:0: [sda] Attached SCSI disk
[    9.798832] sd 2:0:1:0: [sdb] Attached SCSI disk
Begin: Loading essential drivers ... [   12.096351] raid6: sse2x1   gen() 11948 MB/s
[   12.144268] raid6: sse2x1   xor()  7712 MB/s
[   12.192226] raid6: sse2x2   gen() 13299 MB/s
[   12.240493] raid6: sse2x2   xor()  9033 MB/s
[   12.288383] raid6: sse2x4   gen() 15769 MB/s
[   12.336589] raid6: sse2x4   xor() 10027 MB/s
[   12.384287] raid6: avx2x1   gen() 20494 MB/s
[   12.432142] raid6: avx2x1   xor()  9283 MB/s
[   12.480179] raid6: avx2x2   gen() 16191 MB/s
[   12.528104] raid6: avx2x2   xor()  6279 MB/s
[   12.576426] raid6: avx2x4   gen() 19726 MB/s
[   12.624529] raid6: avx2x4   xor() 19156 MB/s
[   12.625571] raid6: using algorithm avx2x1 gen() 20494 MB/s
[   12.627195] raid6: .... xor() 9283 MB/s, rmw enabled
[   12.628343] raid6: using avx2x2 recovery algorithm
[   12.630394] xor: automatically using best checksumming function   avx       
[   12.633285] async_tx: api initialized (async)
done.
Begin: Running /scripts/init-premount ... done.
Begin: Mounting root file system ... Begin: Running /scripts/local-top ... done.
Begin: Running /scripts/local-premount ... [   12.677679] Btrfs loaded, crc32c=crc32c-intel
Scanning for Btrfs filesystems
done.
Warning: fsck not present, so skipping root file system
[   12.711317] EXT4-fs (sda1): INFO: recovery required on readonly filesystem
[   12.713528] EXT4-fs (sda1): write access will be enabled during recovery
[   12.726057] EXT4-fs (sda1): recovery complete
[   12.728755] EXT4-fs (sda1): mounted filesystem with ordered data mode. Opts: (null)
done.
Begin: Running /scripts/local-bottom ... done.
Begin: Running /scripts/init-bottom ... done.
[   12.910663] ip_tables: (C) 2000-2006 Netfilter Core Team
[   12.924907] systemd[1]: systemd 237 running in system mode. (+PAM +AUDIT +SELINUX +IMA +APPARMOR +SMACK +SYSVINIT +UTMP +LIBCRYPTSETUP +GCRYPT +GNUTLS +ACL +XZ +LZ4 +SECCOMP +BLKID +ELFUTILS +KMOD -IDN2 +IDN -PCRE2 default-hierarchy=hybrid)
[   12.931477] systemd[1]: Detected virtualization oracle.
[   12.933036] systemd[1]: Detected architecture x86-64.

Welcome to [1mUbuntu 18.04.5 LTS[0m!

[   12.944899] systemd[1]: Set hostname to <ubuntu-bionic>.
[   13.227977] systemd[1]: Set up automount Arbitrary Executable File Formats File System Automount Point.
[[0;32m  OK  [0m] Set up automount Arbitrary Executabâ€¦rmats File System Automount Point.
[   13.234128] systemd[1]: Created slice User and Session Slice.
[[0;32m  OK  [0m] Created slice User and Session Slice.
[   13.237647] systemd[1]: Created slice System Slice.
[[0;32m  OK  [0m] Created slice System Slice.
[   13.240621] systemd[1]: Created slice system-serial\x2dgetty.slice.
[[0;32m  OK  [0m] Created slice system-serial\x2dgetty.slice.
[   13.244874] systemd[1]: Listening on Journal Socket.
[[0;32m  OK  [0m] Listening on Journal Socket.
[   13.249179] systemd[1]: Starting Uncomplicated firewall...
         Starting Uncomplicated firewall...
         Starting Set the console keyboard layout...
[[0;32m  OK  [0m] Listening on Device-mapper event daemon FIFOs.
[[0;32m  OK  [0m] Listening on LVM2 poll daemon socket.
[[0;32m  OK  [0m] Listening on LVM2 metadata daemon socket.
[[0;32m  OK  [0m] Listening on udev Control Socket.
         Starting Remount Root and Kernel File Systems...
[[0;32m  OK  [0m] Reached target System Time Synchronized.
         Starting Create list of required stâ€¦ce nodes for the current kernel...
         Starting Load Kernel Modules...
[[0;32m  OK  [0m] Started Forward Password Requests to Wall Directory Watch.
[[0;32m  OK  [0m] Listening on Syslog Socket.
         Mounting POSIX Message Queue File System...
[[0;32m  OK  [0m] Reached target User and Group Name Lookups.
         Starting Monitoring of LVM2 mirrorsâ€¦ng dmeventd or progress polling...
[   13.319166] EXT4-fs (sda1): re-mounted. Opts: (null)
[[0;32m  OK  [0m] Listening on Network Service Netlink Socket.
[[0;32m  OK  [0m] Listening on Journal Audit Socket.
[[0;32m  OK  [0m] Listening on udev Kernel Socket.
[   13.330776] Loading iSCSI transport class v2.0-870.
         Starting udev Coldplug all Devices...
[   13.341474] iscsi: registered transport (tcp)
         Mounting Huge Pages File System...
[[0;32m  OK  [0m] Reached target Slices.
         Mounting Kernel Debug File System...
[[0;32m  OK  [0m] Listening on Journal Socket (/dev/log).
         Starting Journal Service...
[[0;32m  OK  [0m] Reached target Swap.
[[0;32m  OK  [0m] Listening on /dev/initctl Compatibility Named Pipe.
[[0;32m  OK  [0m] Started Uncomplicated firewall.
[[0;32m  OK  [0m] Started Remount Root and Kernel File Systems.
[[0;32m  OK  [0m] Started Create list of required staâ€¦vice nodes for the current kernel.
[[0;32m  OK  [0m] Mounted POSIX Message Queue File System.
[[0;32m  OK  [0m] Mounted Huge Pages File System.
[[0;32m  OK  [0m] Mounted Kernel Debug File System.
         Starting Create Static Device Nodes in /dev...
         Starting Load/Save Random Seed...
[[0;32m  OK  [0m] Started Set the console keyboard layout.
[[0;32m  OK  [0m] Started Journal Service.
         Starting Flush Journal to Persistent Storage...
[[0;32m  OK  [0m] Started udev Coldplug all Devices.
[[0;32m  OK  [0m] Started LVM2 metadata daemon.
[   13.491308] iscsi: registered transport (iser)
[[0;32m  OK  [0m] Started Load Kernel Modules.
         Mounting FUSE Control File System...
         Mounting Kernel Configuration File System...
         Starting Apply Kernel Variables...
[[0;32m  OK  [0m] Mounted FUSE Control File System.
[[0;32m  OK  [0m] Mounted Kernel Configuration File System.
[   13.512545] systemd-journald[413]: Received request to flush runtime journal from PID 1
[[0;32m  OK  [0m] Started Create Static Device Nodes in /dev.
[[0;32m  OK  [0m] Started Load/Save Random Seed.
         Starting udev Kernel Device Manager...
[[0;32m  OK  [0m] Started Apply Kernel Variables.
[[0;32m  OK  [0m] Started Monitoring of LVM2 mirrors,â€¦sing dmeventd or progress polling.
[[0;32m  OK  [0m] Reached target Local File Systems (Pre).
[[0;32m  OK  [0m] Reached target Local File Systems.
         Starting Tell Plymouth To Write Out Runtime Data...
         Starting ebtables ruleset management...
         Starting Set console font and keymap...
         Starting AppArmor initialization...
         Mounting /vagrant...
[[0;32m  OK  [0m] Started udev Kernel Device Manager.
[[0;32m  OK  [0m] Started Tell Plymouth To Write Out Runtime Data.
[[0;32m  OK  [0m] Started Set console font and keymap.
[[0;32m  OK  [0m] Started Dispatch Password Requests to Console Directory Watch.
[[0;32m  OK  [0m] Reached target Local Encrypted Volumes.
[[0;32m  OK  [0m] Started Flush Journal to Persistent Storage.
         Starting Create Volatile Files and Directories...
[[0;32m  OK  [0m] Mounted /vagrant.
[[0;32m  OK  [0m] Started Create Volatile Files and Directories.
         Starting Update UTMP about System Boot/Shutdown...
[[0;32m  OK  [0m] Started Update UTMP about System Boot/Shutdown.
[[0;32m  OK  [0m] Started ebtables ruleset management.
[[0;32m  OK  [0m] Found device /dev/ttyS0.
[[0;32m  OK  [0m] Listening on Load/Save RF Kill Switch Status /dev/rfkill Watch.
[[0;32m  OK  [0m] Started AppArmor initialization.
         Starting Initial cloud-init job (pre-networking)...
         Starting Load AppArmor profiles managed internally by snapd...
[[0;32m  OK  [0m] Started Load AppArmor profiles managed internally by snapd.
[   15.367793] cloud-init[560]: Cloud-init v. 20.3-2-g371b392c-0ubuntu1~18.04.1 running 'init-local' at Tue, 20 Oct 2020 10:08:30 +0000. Up 15.18 seconds.
[[0;32m  OK  [0m] Started Initial cloud-init job (pre-networking).
[[0;32m  OK  [0m] Reached target Network (Pre).
         Starting Network Service...
[[0;32m  OK  [0m] Started Network Service.
         Starting Wait for Network to be Configured...
         Starting Network Name Resolution...
[[0;32m  OK  [0m] Started Network Name Resolution.
[[0;32m  OK  [0m] Reached target Network.
[[0;32m  OK  [0m] Reached target Host and Network Name Lookups.
[[0;32m  OK  [0m] Started Wait for Network to be Configured.
         Starting Initial cloud-init job (metadata service crawler)...
[   17.804010] cloud-init[667]: Cloud-init v. 20.3-2-g371b392c-0ubuntu1~18.04.1 running 'init' at Tue, 20 Oct 2020 10:08:33 +0000. Up 17.68 seconds.
[   17.806654] cloud-init[667]: ci-info: ++++++++++++++++++++++++++++++++++++++Net device info++++++++++++++++++++++++++++++++++++++
[   17.808718] cloud-init[667]: ci-info: +--------+------+----------------------------+---------------+--------+-------------------+
[   17.810648] cloud-init[667]: ci-info: | Device |  Up  |          Address           |      Mask     | Scope  |     Hw-Address    |
[   17.824395] cloud-init[667]: ci-info: +--------+------+----------------------------+---------------+--------+-------------------+
[   17.826278] cloud-init[667]: ci-info: | enp0s3 | True |         10.0.2.15          | 255.255.255.0 | global | 02:7d:29:b6:4b:3c |
[   17.829018] cloud-init[667]: ci-info: | enp0s3 | True | fe80::7d:29ff:feb6:4b3c/64 |       .       |  link  | 02:7d:29:b6:4b:3c |
[   17.840474] cloud-init[667]: ci-info: |   lo   | True |         127.0.0.1          |   255.0.0.0   |  host  |         .         |
[   17.852334] cloud-init[667]: ci-info: |   lo   | True |          ::1/128           |       .       |  host  |         .         |
[   17.854061] cloud-init[667]: ci-info: +--------+------+----------------------------+---------------+--------+-------------------+
[   17.855523] cloud-init[667]: ci-info: ++++++++++++++++++++++++++++Route IPv4 info+++++++++++++++++++++++++++++
[   17.868258] cloud-init[667]: ci-info: +-------+-------------+----------+-----------------+-----------+-------+
[   17.880308] cloud-init[667]: ci-info: | Route | Destination | Gateway  |     Genmask     | Interface | Flags |
[   17.892308] cloud-init[667]: ci-info: +-------+-------------+----------+-----------------+-----------+-------+
[   17.894489] cloud-init[667]: ci-info: |   0   |   0.0.0.0   | 10.0.2.2 |     0.0.0.0     |   enp0s3  |   UG  |
[   17.896359] cloud-init[667]: ci-info: |   1   |   10.0.2.0  | 0.0.0.0  |  255.255.255.0  |   enp0s3  |   U   |
[   17.898512] cloud-init[667]: ci-info: |   2   |   10.0.2.2  | 0.0.0.0  | 255.255.255.255 |   enp0s3  |   UH  |
[   17.903649] cloud-init[667]: ci-info: +-------+-------------+----------+-----------------+-----------+-------+
[   17.906505] cloud-init[667]: ci-info: +++++++++++++++++++Route IPv6 info+++++++++++++++++++
[   17.907699] cloud-init[667]: ci-info: +-------+-------------+---------+-----------+-------+
[   17.908939] cloud-init[667]: ci-info: | Route | Destination | Gateway | Interface | Flags |
[   17.911105] cloud-init[667]: ci-info: +-------+-------------+---------+-----------+-------+
[   17.913385] cloud-init[667]: ci-info: |   1   |  fe80::/64  |    ::   |   enp0s3  |   U   |
[   17.924514] cloud-init[667]: ci-info: |   3   |    local    |    ::   |   enp0s3  |   U   |
[   17.926126] cloud-init[667]: ci-info: |   4   |   ff00::/8  |    ::   |   enp0s3  |   U   |
[   17.929135] cloud-init[667]: ci-info: +-------+-------------+---------+-----------+-------+
[[0;32m  OK  [0m] Started Initial cloud-init job (metadata service crawler).
[[0;32m  OK  [0m] Reached target Cloud-config availability.
[[0;32m  OK  [0m] Reached target Network is Online.
         Starting Availability of block devices...
[[0;32m  OK  [0m] Reached target Remote File Systems (Pre).
[[0;32m  OK  [0m] Reached target Remote File Systems.
[[0;32m  OK  [0m] Reached target System Initialization.
[[0;32m  OK  [0m] Started Discard unused blocks once a week.
[[0;32m  OK  [0m] Listening on ACPID Listen Socket.
[[0;32m  OK  [0m] Started ACPI Events Check.
[[0;32m  OK  [0m] Reached target Paths.
         Starting Socket activation for snappy daemon.
[[0;32m  OK  [0m] Started Message of the Day.
[[0;32m  OK  [0m] Listening on UUID daemon activation socket.
[[0;32m  OK  [0m] Listening on D-Bus System Message Bus Socket.
[[0;32m  OK  [0m] Started Daily apt download activities.
[[0;32m  OK  [0m] Started Daily apt upgrade and clean activities.
         Starting LXD - unix socket.
[[0;32m  OK  [0m] Listening on Open-iSCSI iscsid Socket.
[[0;32m  OK  [0m] Started Daily Cleanup of Temporary Directories.
[[0;32m  OK  [0m] Reached target Timers.
[[0;32m  OK  [0m] Listening on Socket activation for snappy daemon.
[[0;32m  OK  [0m] Listening on LXD - unix socket.
[[0;32m  OK  [0m] Reached target Sockets.
[[0;32m  OK  [0m] Reached target Basic System.
         Starting LSB: automatic crash report generation...
[[0;32m  OK  [0m] Started FUSE filesystem for LXC.
         Starting Virtualbox guest utils...
[[0;32m  OK  [0m] Started Deferred execution scheduler.
         Starting Login Service...
         Starting LSB: Record successful boot for GRUB...
         Starting System Logging Service...
         Starting Dispatcher daemon for systemd-networkd...
[[0;32m  OK  [0m] Started Regular background program processing daemon.
[[0;32m  OK  [0m] Started D-Bus System Message Bus.
         Starting Accounts Service...
[[0;32m  OK  [0m] Started irqbalance daemon.
         Starting Permit User Sessions...
         Starting Pollinate to seed the pseudo random number generator...
         Starting Snap Daemon...
         Starting LXD - container startup/shutdown...
[[0;32m  OK  [0m] Started System Logging Service.
[[0;32m  OK  [0m] Started Availability of block devices.
[[0;32m  OK  [0m] Started Login Service.
[[0;32m  OK  [0m] Started Unattended Upgrades Shutdown.
[[0;32m  OK  [0m] Started Permit User Sessions.
         Starting Hold until boot process finishes up...
         Starting Terminate Plymouth Boot Screen...
         Starting Authorization Manager...
[[0;32m  OK  [0m] Started Hold until boot process finishes up.
[[0;32m  OK  [0m] Started Serial Getty on ttyS0.
         Starting Set console scheme...
[[0;32m  OK  [0m] Started Terminate Plymouth Boot Screen.
[[0;32m  OK  [0m] Started Authorization Manager.
[[0;32m  OK  [0m] Started Accounts Service.
[[0;32m  OK  [0m] Started LSB: automatic crash report generation.
[[0;32m  OK  [0m] Started Set console scheme.
[[0;32m  OK  [0m] Created slice system-getty.slice.
[[0;32m  OK  [0m] Started Getty on tty1.
[[0;32m  OK  [0m] Reached target Login Prompts.
[[0;32m  OK  [0m] Started LSB: Record successful boot for GRUB.
[[0;32m  OK  [0m] Started Virtualbox guest utils.
[[0;32m  OK  [0m] Started Dispatcher daemon for systemd-networkd.
[[0;32m  OK  [0m] Started LXD - container startup/shutdown.
[[0;32m  OK  [0m] Started Snap Daemon.
         Starting Wait until snapd is fully seeded...
[[0;32m  OK  [0m] Started Wait until snapd is fully seeded.
         Starting Apply the settings specified in cloud-config...
[   20.168427] cloud-init[1054]: Cloud-init v. 20.3-2-g371b392c-0ubuntu1~18.04.1 running 'modules:config' at Tue, 20 Oct 2020 10:08:35 +0000. Up 20.02 seconds.
[[0;32m  OK  [0m] Started Apply the settings specified in cloud-config.

Ubuntu 18.04.5 LTS ubuntu-bionic ttyS0

ubuntu-bionic login: [   30.401147] cloud-init[1139]: Cloud-init v. 20.3-2-g371b392c-0ubuntu1~18.04.1 running 'modules:final' at Tue, 20 Oct 2020 10:08:45 +0000. Up 30.26 seconds.
[   30.404952] cloud-init[1139]: Cloud-init v. 20.3-2-g371b392c-0ubuntu1~18.04.1 finished at Tue, 20 Oct 2020 10:08:45 +0000. Datasource DataSourceNoCloud [seed=/dev/sdb][dsmode=net].  Up 30.39 seconds
